C51 COMPILER V9.56.0.0   DELAY                                                             02/07/2021 06:57:49 PAGE 1   


C51 COMPILER V9.56.0.0, COMPILATION OF MODULE DELAY
OBJECT MODULE PLACED IN .\Objects\delay.obj
COMPILER INVOKED BY: C:\Keil_v5\MDK\C51\BIN\C51.EXE delay.c OPTIMIZE(8,SPEED) BROWSE DEBUG OBJECTEXTEND PRINT(.\Listings
                    -\delay.lst) TABS(2) OBJECT(.\Objects\delay.obj)

line level    source

   1          
   2          
   3          #include <intrins.h>
   4          
   5          void Delay5us()   //@11.0592MHz
   6          {
   7   1      }
   8          
   9          void Delay10us()    //@11.0592MHz
  10          {
  11   1        unsigned char i;
  12   1      
  13   1        i = 2;
  14   1        while (--i);
  15   1      }
  16          
  17          void Delay15us()    //@11.0592MHz
  18          {
  19   1        unsigned char i;
  20   1      
  21   1        i = 4;
  22   1        while (--i);
  23   1      }
  24          
  25          void Delay50us()    //@11.0592MHz
  26          {
  27   1        unsigned char i;
  28   1      
  29   1         _nop_();
  30   1         i = 20;
  31   1        while (--i);
  32   1      }
  33          
  34          void Delay60us()    //@11.0592MHz
  35          {
  36   1        unsigned char i;
  37   1      
  38   1        i = 25;
  39   1        while (--i);
  40   1      }
  41          
  42          
  43          void Delay100us()   //@11.0592MHz
  44          {
  45   1        unsigned char i;
  46   1      
  47   1        _nop_();
  48   1        i = 43;
  49   1        while (--i);
  50   1      }
  51          
  52          void Delay200us()   //@11.0592MHz
  53          {
  54   1        unsigned char i;
C51 COMPILER V9.56.0.0   DELAY                                                             02/07/2021 06:57:49 PAGE 2   

  55   1      
  56   1        _nop_();
  57   1        i = 89;
  58   1        while (--i);
  59   1      }
  60          
  61          
  62          
  63          
  64          void Delay500us()   //@11.0592MHz
  65          {
  66   1        unsigned char i;
  67   1      
  68   1        _nop_();
  69   1        i = 227;
  70   1        while (--i);
  71   1      }
  72          
  73          void Delay600us()   //@11.0592MHz
  74          {
  75   1        unsigned char i, j;
  76   1      
  77   1        _nop_();
  78   1        i = 2;
  79   1        j = 15;
  80   1        do
  81   1        {
  82   2          while (--j);
  83   2        } while (--i);
  84   1      }
  85          
  86          
  87          void Delay750us()   //@11.0592MHz
  88          {
  89   1        unsigned char i, j;
  90   1      
  91   1        _nop_();                 //忽略一个1.08us
  92   1        i = 2;
  93   1        j = 84;
  94   1        do
  95   1        {
  96   2          while (--j);
  97   2        } while (--i);
  98   1      }
  99          
 100          
 101          void Delay2ms()   //@11.0592MHz
 102          {
 103   1        unsigned char i, j;
 104   1      
 105   1        _nop_();
 106   1        i = 4;
 107   1        j = 146;
 108   1        do
 109   1        {
 110   2          while (--j);
 111   2        } while (--i);
 112   1      }
 113          
 114          void Delay5ms()   //@11.0592MHz
 115          {
 116   1        unsigned char i, j;
C51 COMPILER V9.56.0.0   DELAY                                                             02/07/2021 06:57:49 PAGE 3   

 117   1      
 118   1        i = 9;
 119   1        j = 244;
 120   1        do
 121   1        {
 122   2          while (--j);
 123   2        } while (--i);
 124   1      }
 125          
 126          
 127          void Delay10ms()    //@11.0592MHz
 128          {
 129   1        unsigned char i, j;
 130   1      
 131   1        i = 18;
 132   1        j = 235;
 133   1        do
 134   1        {
 135   2          while (--j);
 136   2        } while (--i);
 137   1      }
 138          
 139          
 140          void Delay25ms()    //@11.0592MHz
 141          {
 142   1        unsigned char i, j;
 143   1      
 144   1        i = 45;
 145   1        j = 208;
 146   1        do
 147   1        {
 148   2          while (--j);
 149   2          
 150   2        } while (--i);
 151   1      }
 152          
 153          //不精确延时
 154          void delay(unsigned int ms)
 155          {
 156   1          unsigned int i ,j;
 157   1      
 158   1          for(i = ms; i > 0; i--)
 159   1              for(j = 110; j > 0; j--);
 160   1      }
 161          


MODULE INFORMATION:   STATIC OVERLAYABLE
   CODE SIZE        =    127    ----
   CONSTANT SIZE    =   ----    ----
   XDATA SIZE       =   ----    ----
   PDATA SIZE       =   ----    ----
   DATA SIZE        =   ----    ----
   IDATA SIZE       =   ----    ----
   BIT SIZE         =   ----    ----
END OF MODULE INFORMATION.


C51 COMPILATION COMPLETE.  0 WARNING(S),  0 ERROR(S)
