C51 COMPILER V9.56.0.0   SMG                                                               02/07/2021 07:32:43 PAGE 1   


C51 COMPILER V9.56.0.0, COMPILATION OF MODULE SMG
OBJECT MODULE PLACED IN .\Objects\smg.obj
COMPILER INVOKED BY: C:\Keil_v5\MDK\C51\BIN\C51.EXE smg.c OPTIMIZE(8,SPEED) BROWSE DEBUG OBJECTEXTEND PRINT(.\Listings\s
                    -mg.lst) TABS(2) OBJECT(.\Objects\smg.obj)

line level    source

   1          
   2          #include "delay.h"
   3          #include <reg51.h>
   4          
   5          #define SMG_PORT    P0
   6          sbit SEG_CTRL  =   P2^6;           //段控
   7          sbit POS_CTRL  =   P2^7;           //位控
   8          /*
   9          位选：P0口，位控P2.7
  10          段选：P0口，段控P2.6
  11          锁存器：74HC573，高电平直通，下降沿锁存
  12          */
  13          
  14          //数码管段码:共阴数码管(0~9 A~F . - 灭)
  15           unsigned char code smg_code[] = {
  16              0x3f,0x06,0x5b,0x4f,0x66,0x6d,0x7d,0x07,0x7f,0x6f,0x77,0x7c,0x39,0x5e,0x79,0x71, 0x80, 0x40, 0x00
  17          };
  18          
  19          void smg_init()
  20          {
  21   1        POS_CTRL = 1;               
  22   1        SMG_PORT = 0X0;         //开所有数码管
  23   1        POS_CTRL = 0;           
  24   1        SEG_CTRL = 1;
  25   1        SMG_PORT =0X0;                      //开所有段
  26   1        delay(2);                                           //熄灭所有段
  27   1        SEG_CTRL = 0;                               //锁存
  28   1      }
  29          
  30          /*
  31              在第pos个数码管上显示数字number
  32              注：此函数适用于动态扫描
  33          */
  34          void smg_dispNumber(unsigned char number,unsigned char pos)
  35          {
  36   1          POS_CTRL = 1;         
  37   1        SMG_PORT = ~(1<<(7-pos)); 
  38   1        POS_CTRL = 0;
  39   1        
  40   1        SEG_CTRL = 1;
  41   1        SMG_PORT = smg_code[number];
  42   1        delay(2);
  43   1        SMG_PORT = 0X0;               //消隐
  44   1        SEG_CTRL = 0;
  45   1      }


MODULE INFORMATION:   STATIC OVERLAYABLE
   CODE SIZE        =     65    ----
   CONSTANT SIZE    =     19    ----
   XDATA SIZE       =   ----    ----
   PDATA SIZE       =   ----    ----
   DATA SIZE        =   ----    ----
   IDATA SIZE       =   ----    ----
C51 COMPILER V9.56.0.0   SMG                                                               02/07/2021 07:32:43 PAGE 2   

   BIT SIZE         =   ----    ----
END OF MODULE INFORMATION.


C51 COMPILATION COMPLETE.  0 WARNING(S),  0 ERROR(S)
