C51 COMPILER V9.56.0.0   TIMER                                                             02/07/2021 07:23:34 PAGE 1   


C51 COMPILER V9.56.0.0, COMPILATION OF MODULE TIMER
OBJECT MODULE PLACED IN .\Objects\timer.obj
COMPILER INVOKED BY: C:\Keil_v5\MDK\C51\BIN\C51.EXE timer.c OPTIMIZE(8,SPEED) BROWSE DEBUG OBJECTEXTEND PRINT(.\Listings
                    -\timer.lst) TABS(2) OBJECT(.\Objects\timer.obj)

line level    source

   1          
   2          #include <reg51.h>
   3          #include "uart.h"
   4          #include "ds18b20.h"
   5          #include "led.h"
   6          
   7          //timer0初始化
   8          void timer0_init()
   9          {
  10   1        TMOD &= 0XF0;
  11   1        TMOD |= 0X1;                            //采用模式 1
  12   1        TH0 = (65536-926)/256;                     //11.0592Mhz，定时1ms
  13   1        TL0 = (65536-926)%256;
  14   1        
  15   1        //中断设置 
  16   1        TF0 = 0;                                //清标记
  17   1        ET0 = 1;                                  //开定时中断
  18   1        EA  = 1;                                   //开总中断
  19   1      
  20   1          //启动定时器
  21   1          TR0 = 1;
  22   1      }
  23          
  24          //起动TR0
  25          void timer0_start()
  26          {
  27   1        TR0 = 1;
  28   1      }
  29          
  30          //停止TR0
  31          void timer0_stop()
  32          {
  33   1        TR0 = 0;
  34   1      }
  35          
  36          
  37          void timer0_isr()     interrupt 1
  38          {
  39   1        //重装初值 
  40   1        TH0 = (65536-926)/256;            
  41   1        TL0 = (65536-926)%256;
  42   1      
  43   1        //用于判断串口是否接收超时
  44   1          if(rx_start == 1)
  45   1          {
  46   2              rx_timeout++;
  47   2              if(rx_timeout>10)
  48   2              {
  49   3                  rx_start = 0;
  50   3                  rx_ok = 1;                          //10ms
  51   3                  rx_timeout = 0;                 
  52   3                  rx_buf[uart_cnt] = '\0';          //超时完成标记
  53   3                  uart_cnt = 0;                     //清接收数据的下标记录值
  54   3              }
C51 COMPILER V9.56.0.0   TIMER                                                             02/07/2021 07:23:34 PAGE 2   

  55   2          }
  56   1      
  57   1          //用于判断DS18B20温度是否转换完成
  58   1          if(ds18b20_start == 1 )
  59   1          {
  60   2              ds18b20_timeout++;
  61   2              if(ds18b20_timeout>900)                     //900ms,大于750均可
  62   2              {
  63   3                  ds18b20_timeout = 0;
  64   3                  ds18b20_start = 0;
  65   3                  ds18b20_ok = 1;
  66   3              } 
  67   2          }
  68   1      }


MODULE INFORMATION:   STATIC OVERLAYABLE
   CODE SIZE        =    116    ----
   CONSTANT SIZE    =   ----    ----
   XDATA SIZE       =   ----    ----
   PDATA SIZE       =   ----    ----
   DATA SIZE        =   ----    ----
   IDATA SIZE       =   ----    ----
   BIT SIZE         =   ----    ----
END OF MODULE INFORMATION.


C51 COMPILATION COMPLETE.  0 WARNING(S),  0 ERROR(S)
